2025-06-22 13:03:29,257:WARNING:core.py - Unknown option passed to Flask-CORS: origin
2025-06-22 13:03:59,512:WARNING:core.py - Unknown option passed to Flask-CORS: origin
2025-06-22 13:03:59,536:INFO:_internal.py - [31m[1mWARNING: This is a development server. Do not use it in a production deployment. Use a production WSGI server instead.[0m
 * Running on http://localhost:5001
2025-06-22 13:03:59,536:INFO:_internal.py - [33mPress CTRL+C to quit[0m
2025-06-22 13:05:34,227:ERROR:app.py - Exception on /getMovieDetails [GET]
Traceback (most recent call last):
  File "C:\Users\USER\anaconda3\Lib\site-packages\flask\app.py", line 1473, in wsgi_app
    response = self.full_dispatch_request()
               ^^^^^^^^^^^^^^^^^^^^^^^^^^^^
  File "C:\Users\USER\anaconda3\Lib\site-packages\flask\app.py", line 882, in full_dispatch_request
    rv = self.handle_user_exception(e)
         ^^^^^^^^^^^^^^^^^^^^^^^^^^^^^
  File "C:\Users\USER\anaconda3\Lib\site-packages\flask_cors\extension.py", line 176, in wrapped_function
    return cors_after_request(app.make_response(f(*args, **kwargs)))
                                                ^^^^^^^^^^^^^^^^^^
  File "C:\Users\USER\anaconda3\Lib\site-packages\flask\app.py", line 880, in full_dispatch_request
    rv = self.dispatch_request()
         ^^^^^^^^^^^^^^^^^^^^^^^
  File "C:\Users\USER\anaconda3\Lib\site-packages\flask\app.py", line 865, in dispatch_request
    return self.ensure_sync(self.view_functions[rule.endpoint])(**view_args)  # type: ignore[no-any-return]
           ^^^^^^^^^^^^^^^^^^^^^^^^^^^^^^^^^^^^^^^^^^^^^^^^^^^^^^^^^^^^^^^^^
  File "C:\Users\USER\anaconda3\Lib\site-packages\flask_cors\decorator.py", line 130, in wrapped_function
    resp = make_response(f(*args, **kwargs))
                         ^^^^^^^^^^^^^^^^^^
  File "C:\Users\USER\Desktop\Repo\rest-api\src\restApi.py", line 128, in funcGetMovieDetails
    APIDocument = requests.get(strOmdbUrl, "/?apikey=", strOmdbKey)
                  ^^^^^^^^^^^^^^^^^^^^^^^^^^^^^^^^^^^^^^^^^^^^^^^^^
TypeError: get() takes from 1 to 2 positional arguments but 3 were given
2025-06-22 13:05:34,235:INFO:_internal.py - 127.0.0.1 - - [22/Jun/2025 13:05:34] "[35m[1mGET /getMovieDetails HTTP/1.1[0m" 500 -
2025-06-22 13:06:15,029:ERROR:app.py - Exception on /getMovieDetails [GET]
Traceback (most recent call last):
  File "C:\Users\USER\anaconda3\Lib\site-packages\flask\app.py", line 1473, in wsgi_app
    response = self.full_dispatch_request()
               ^^^^^^^^^^^^^^^^^^^^^^^^^^^^
  File "C:\Users\USER\anaconda3\Lib\site-packages\flask\app.py", line 882, in full_dispatch_request
    rv = self.handle_user_exception(e)
         ^^^^^^^^^^^^^^^^^^^^^^^^^^^^^
  File "C:\Users\USER\anaconda3\Lib\site-packages\flask_cors\extension.py", line 176, in wrapped_function
    return cors_after_request(app.make_response(f(*args, **kwargs)))
                                                ^^^^^^^^^^^^^^^^^^
  File "C:\Users\USER\anaconda3\Lib\site-packages\flask\app.py", line 880, in full_dispatch_request
    rv = self.dispatch_request()
         ^^^^^^^^^^^^^^^^^^^^^^^
  File "C:\Users\USER\anaconda3\Lib\site-packages\flask\app.py", line 865, in dispatch_request
    return self.ensure_sync(self.view_functions[rule.endpoint])(**view_args)  # type: ignore[no-any-return]
           ^^^^^^^^^^^^^^^^^^^^^^^^^^^^^^^^^^^^^^^^^^^^^^^^^^^^^^^^^^^^^^^^^
  File "C:\Users\USER\anaconda3\Lib\site-packages\flask_cors\decorator.py", line 130, in wrapped_function
    resp = make_response(f(*args, **kwargs))
                         ^^^^^^^^^^^^^^^^^^
  File "C:\Users\USER\Desktop\Repo\rest-api\src\restApi.py", line 128, in funcGetMovieDetails
    APIDocument = requests.get(strOmdbUrl, "/?apikey=", strOmdbKey)
                  ^^^^^^^^^^^^^^^^^^^^^^^^^^^^^^^^^^^^^^^^^^^^^^^^^
TypeError: get() takes from 1 to 2 positional arguments but 3 were given
2025-06-22 13:06:15,029:INFO:_internal.py - 127.0.0.1 - - [22/Jun/2025 13:06:15] "[35m[1mGET /getMovieDetails HTTP/1.1[0m" 500 -
2025-06-22 13:06:49,104:WARNING:core.py - Unknown option passed to Flask-CORS: origin
2025-06-22 13:06:49,120:INFO:_internal.py - [31m[1mWARNING: This is a development server. Do not use it in a production deployment. Use a production WSGI server instead.[0m
 * Running on http://127.0.0.1:5001
2025-06-22 13:06:49,120:INFO:_internal.py - [33mPress CTRL+C to quit[0m
2025-06-22 13:07:20,364:ERROR:app.py - Exception on /getMovieDetails [GET]
Traceback (most recent call last):
  File "C:\Users\USER\anaconda3\Lib\site-packages\flask\app.py", line 1473, in wsgi_app
    response = self.full_dispatch_request()
               ^^^^^^^^^^^^^^^^^^^^^^^^^^^^
  File "C:\Users\USER\anaconda3\Lib\site-packages\flask\app.py", line 882, in full_dispatch_request
    rv = self.handle_user_exception(e)
         ^^^^^^^^^^^^^^^^^^^^^^^^^^^^^
  File "C:\Users\USER\anaconda3\Lib\site-packages\flask_cors\extension.py", line 176, in wrapped_function
    return cors_after_request(app.make_response(f(*args, **kwargs)))
                                                ^^^^^^^^^^^^^^^^^^
  File "C:\Users\USER\anaconda3\Lib\site-packages\flask\app.py", line 880, in full_dispatch_request
    rv = self.dispatch_request()
         ^^^^^^^^^^^^^^^^^^^^^^^
  File "C:\Users\USER\anaconda3\Lib\site-packages\flask\app.py", line 865, in dispatch_request
    return self.ensure_sync(self.view_functions[rule.endpoint])(**view_args)  # type: ignore[no-any-return]
           ^^^^^^^^^^^^^^^^^^^^^^^^^^^^^^^^^^^^^^^^^^^^^^^^^^^^^^^^^^^^^^^^^
  File "C:\Users\USER\anaconda3\Lib\site-packages\flask_cors\decorator.py", line 130, in wrapped_function
    resp = make_response(f(*args, **kwargs))
                         ^^^^^^^^^^^^^^^^^^
  File "C:\Users\USER\Desktop\Repo\rest-api\src\restApi.py", line 128, in funcGetMovieDetails
    APIDocument = requests.get(strOmdbUrl, "/?apikey=", strOmdbKey)
                  ^^^^^^^^^^^^^^^^^^^^^^^^^^^^^^^^^^^^^^^^^^^^^^^^^
TypeError: get() takes from 1 to 2 positional arguments but 3 were given
2025-06-22 13:07:20,370:INFO:_internal.py - 127.0.0.1 - - [22/Jun/2025 13:07:20] "[35m[1mGET /getMovieDetails HTTP/1.1[0m" 500 -
2025-06-22 13:07:21,484:ERROR:app.py - Exception on /getMovieDetails [GET]
Traceback (most recent call last):
  File "C:\Users\USER\anaconda3\Lib\site-packages\flask\app.py", line 1473, in wsgi_app
    response = self.full_dispatch_request()
               ^^^^^^^^^^^^^^^^^^^^^^^^^^^^
  File "C:\Users\USER\anaconda3\Lib\site-packages\flask\app.py", line 882, in full_dispatch_request
    rv = self.handle_user_exception(e)
         ^^^^^^^^^^^^^^^^^^^^^^^^^^^^^
  File "C:\Users\USER\anaconda3\Lib\site-packages\flask_cors\extension.py", line 176, in wrapped_function
    return cors_after_request(app.make_response(f(*args, **kwargs)))
                                                ^^^^^^^^^^^^^^^^^^
  File "C:\Users\USER\anaconda3\Lib\site-packages\flask\app.py", line 880, in full_dispatch_request
    rv = self.dispatch_request()
         ^^^^^^^^^^^^^^^^^^^^^^^
  File "C:\Users\USER\anaconda3\Lib\site-packages\flask\app.py", line 865, in dispatch_request
    return self.ensure_sync(self.view_functions[rule.endpoint])(**view_args)  # type: ignore[no-any-return]
           ^^^^^^^^^^^^^^^^^^^^^^^^^^^^^^^^^^^^^^^^^^^^^^^^^^^^^^^^^^^^^^^^^
  File "C:\Users\USER\anaconda3\Lib\site-packages\flask_cors\decorator.py", line 130, in wrapped_function
    resp = make_response(f(*args, **kwargs))
                         ^^^^^^^^^^^^^^^^^^
  File "C:\Users\USER\Desktop\Repo\rest-api\src\restApi.py", line 128, in funcGetMovieDetails
    APIDocument = requests.get(strOmdbUrl, "/?apikey=", strOmdbKey)
                  ^^^^^^^^^^^^^^^^^^^^^^^^^^^^^^^^^^^^^^^^^^^^^^^^^
TypeError: get() takes from 1 to 2 positional arguments but 3 were given
2025-06-22 13:07:21,484:INFO:_internal.py - 127.0.0.1 - - [22/Jun/2025 13:07:21] "[35m[1mGET /getMovieDetails HTTP/1.1[0m" 500 -
2025-06-22 13:08:00,089:ERROR:app.py - Exception on /getMovieDetails [GET]
Traceback (most recent call last):
  File "C:\Users\USER\anaconda3\Lib\site-packages\flask\app.py", line 1473, in wsgi_app
    response = self.full_dispatch_request()
               ^^^^^^^^^^^^^^^^^^^^^^^^^^^^
  File "C:\Users\USER\anaconda3\Lib\site-packages\flask\app.py", line 882, in full_dispatch_request
    rv = self.handle_user_exception(e)
         ^^^^^^^^^^^^^^^^^^^^^^^^^^^^^
  File "C:\Users\USER\anaconda3\Lib\site-packages\flask_cors\extension.py", line 176, in wrapped_function
    return cors_after_request(app.make_response(f(*args, **kwargs)))
                                                ^^^^^^^^^^^^^^^^^^
  File "C:\Users\USER\anaconda3\Lib\site-packages\flask\app.py", line 880, in full_dispatch_request
    rv = self.dispatch_request()
         ^^^^^^^^^^^^^^^^^^^^^^^
  File "C:\Users\USER\anaconda3\Lib\site-packages\flask\app.py", line 865, in dispatch_request
    return self.ensure_sync(self.view_functions[rule.endpoint])(**view_args)  # type: ignore[no-any-return]
           ^^^^^^^^^^^^^^^^^^^^^^^^^^^^^^^^^^^^^^^^^^^^^^^^^^^^^^^^^^^^^^^^^
  File "C:\Users\USER\anaconda3\Lib\site-packages\flask_cors\decorator.py", line 130, in wrapped_function
    resp = make_response(f(*args, **kwargs))
                         ^^^^^^^^^^^^^^^^^^
  File "C:\Users\USER\Desktop\Repo\rest-api\src\restApi.py", line 128, in funcGetMovieDetails
    APIDocument = requests.get(strOmdbUrl, "/?apikey=", strOmdbKey)
                  ^^^^^^^^^^^^^^^^^^^^^^^^^^^^^^^^^^^^^^^^^^^^^^^^^
TypeError: get() takes from 1 to 2 positional arguments but 3 were given
2025-06-22 13:08:00,089:INFO:_internal.py - 127.0.0.1 - - [22/Jun/2025 13:08:00] "[35m[1mGET /getMovieDetails HTTP/1.1[0m" 500 -
2025-06-22 13:08:21,694:WARNING:core.py - Unknown option passed to Flask-CORS: origin
2025-06-22 13:08:21,710:INFO:_internal.py - [31m[1mWARNING: This is a development server. Do not use it in a production deployment. Use a production WSGI server instead.[0m
 * Running on http://127.0.0.1:5001
2025-06-22 13:08:21,710:INFO:_internal.py - [33mPress CTRL+C to quit[0m
2025-06-22 13:08:59,877:INFO:_internal.py - 127.0.0.1 - - [22/Jun/2025 13:08:59] "GET /healthCheck HTTP/1.1" 200 -
2025-06-22 13:09:01,864:INFO:_internal.py - 127.0.0.1 - - [22/Jun/2025 13:09:01] "GET /healthCheck HTTP/1.1" 200 -
2025-06-22 13:09:55,225:WARNING:core.py - Unknown option passed to Flask-CORS: origin
2025-06-22 13:09:55,241:INFO:_internal.py - [31m[1mWARNING: This is a development server. Do not use it in a production deployment. Use a production WSGI server instead.[0m
 * Running on http://127.0.0.1:5001
2025-06-22 13:09:55,241:INFO:_internal.py - [33mPress CTRL+C to quit[0m
2025-06-22 13:09:59,827:ERROR:app.py - Exception on /getMovieDetails [GET]
Traceback (most recent call last):
  File "C:\Users\USER\anaconda3\Lib\site-packages\flask\app.py", line 1473, in wsgi_app
    response = self.full_dispatch_request()
               ^^^^^^^^^^^^^^^^^^^^^^^^^^^^
  File "C:\Users\USER\anaconda3\Lib\site-packages\flask\app.py", line 882, in full_dispatch_request
    rv = self.handle_user_exception(e)
         ^^^^^^^^^^^^^^^^^^^^^^^^^^^^^
  File "C:\Users\USER\anaconda3\Lib\site-packages\flask_cors\extension.py", line 176, in wrapped_function
    return cors_after_request(app.make_response(f(*args, **kwargs)))
                                                ^^^^^^^^^^^^^^^^^^
  File "C:\Users\USER\anaconda3\Lib\site-packages\flask\app.py", line 880, in full_dispatch_request
    rv = self.dispatch_request()
         ^^^^^^^^^^^^^^^^^^^^^^^
  File "C:\Users\USER\anaconda3\Lib\site-packages\flask\app.py", line 865, in dispatch_request
    return self.ensure_sync(self.view_functions[rule.endpoint])(**view_args)  # type: ignore[no-any-return]
           ^^^^^^^^^^^^^^^^^^^^^^^^^^^^^^^^^^^^^^^^^^^^^^^^^^^^^^^^^^^^^^^^^
  File "C:\Users\USER\anaconda3\Lib\site-packages\flask_cors\decorator.py", line 130, in wrapped_function
    resp = make_response(f(*args, **kwargs))
                         ^^^^^^^^^^^^^^^^^^
  File "C:\Users\USER\Desktop\Repo\rest-api\src\restApi.py", line 129, in funcGetMovieDetails
    APIDocument = requests.get(strOmdbUrl, "/?apikey=", strOmdbKey)
                  ^^^^^^^^^^^^^^^^^^^^^^^^^^^^^^^^^^^^^^^^^^^^^^^^^
TypeError: get() takes from 1 to 2 positional arguments but 3 were given
2025-06-22 13:09:59,835:INFO:_internal.py - 127.0.0.1 - - [22/Jun/2025 13:09:59] "[35m[1mGET /getMovieDetails HTTP/1.1[0m" 500 -
2025-06-22 13:10:36,449:WARNING:core.py - Unknown option passed to Flask-CORS: origin
2025-06-22 13:10:36,465:INFO:_internal.py - [31m[1mWARNING: This is a development server. Do not use it in a production deployment. Use a production WSGI server instead.[0m
 * Running on http://127.0.0.1:5001
2025-06-22 13:10:36,465:INFO:_internal.py - [33mPress CTRL+C to quit[0m
2025-06-22 13:10:40,823:ERROR:app.py - Exception on /getMovieDetails [GET]
Traceback (most recent call last):
  File "C:\Users\USER\anaconda3\Lib\site-packages\flask\app.py", line 1473, in wsgi_app
    response = self.full_dispatch_request()
               ^^^^^^^^^^^^^^^^^^^^^^^^^^^^
  File "C:\Users\USER\anaconda3\Lib\site-packages\flask\app.py", line 882, in full_dispatch_request
    rv = self.handle_user_exception(e)
         ^^^^^^^^^^^^^^^^^^^^^^^^^^^^^
  File "C:\Users\USER\anaconda3\Lib\site-packages\flask_cors\extension.py", line 176, in wrapped_function
    return cors_after_request(app.make_response(f(*args, **kwargs)))
                                                ^^^^^^^^^^^^^^^^^^
  File "C:\Users\USER\anaconda3\Lib\site-packages\flask\app.py", line 880, in full_dispatch_request
    rv = self.dispatch_request()
         ^^^^^^^^^^^^^^^^^^^^^^^
  File "C:\Users\USER\anaconda3\Lib\site-packages\flask\app.py", line 865, in dispatch_request
    return self.ensure_sync(self.view_functions[rule.endpoint])(**view_args)  # type: ignore[no-any-return]
           ^^^^^^^^^^^^^^^^^^^^^^^^^^^^^^^^^^^^^^^^^^^^^^^^^^^^^^^^^^^^^^^^^
  File "C:\Users\USER\anaconda3\Lib\site-packages\flask_cors\decorator.py", line 130, in wrapped_function
    resp = make_response(f(*args, **kwargs))
                         ^^^^^^^^^^^^^^^^^^
  File "C:\Users\USER\Desktop\Repo\rest-api\src\restApi.py", line 130, in funcGetMovieDetails
    APIDocument = requests.get(strOmdbUrl, "/?apikey=", strOmdbKey)
                  ^^^^^^^^^^^^^^^^^^^^^^^^^^^^^^^^^^^^^^^^^^^^^^^^^
TypeError: get() takes from 1 to 2 positional arguments but 3 were given
2025-06-22 13:10:40,823:INFO:_internal.py - 127.0.0.1 - - [22/Jun/2025 13:10:40] "[35m[1mGET /getMovieDetails HTTP/1.1[0m" 500 -
2025-06-22 13:12:25,503:WARNING:core.py - Unknown option passed to Flask-CORS: origin
2025-06-22 13:12:25,512:INFO:_internal.py - [31m[1mWARNING: This is a development server. Do not use it in a production deployment. Use a production WSGI server instead.[0m
 * Running on http://127.0.0.1:5001
2025-06-22 13:12:25,512:INFO:_internal.py - [33mPress CTRL+C to quit[0m
2025-06-22 13:13:25,310:ERROR:app.py - Exception on /getMovieDetails [GET]
Traceback (most recent call last):
  File "C:\Users\USER\anaconda3\Lib\site-packages\flask\app.py", line 1473, in wsgi_app
    response = self.full_dispatch_request()
               ^^^^^^^^^^^^^^^^^^^^^^^^^^^^
  File "C:\Users\USER\anaconda3\Lib\site-packages\flask\app.py", line 882, in full_dispatch_request
    rv = self.handle_user_exception(e)
         ^^^^^^^^^^^^^^^^^^^^^^^^^^^^^
  File "C:\Users\USER\anaconda3\Lib\site-packages\flask_cors\extension.py", line 176, in wrapped_function
    return cors_after_request(app.make_response(f(*args, **kwargs)))
                                                ^^^^^^^^^^^^^^^^^^
  File "C:\Users\USER\anaconda3\Lib\site-packages\flask\app.py", line 880, in full_dispatch_request
    rv = self.dispatch_request()
         ^^^^^^^^^^^^^^^^^^^^^^^
  File "C:\Users\USER\anaconda3\Lib\site-packages\flask\app.py", line 865, in dispatch_request
    return self.ensure_sync(self.view_functions[rule.endpoint])(**view_args)  # type: ignore[no-any-return]
           ^^^^^^^^^^^^^^^^^^^^^^^^^^^^^^^^^^^^^^^^^^^^^^^^^^^^^^^^^^^^^^^^^
  File "C:\Users\USER\anaconda3\Lib\site-packages\flask_cors\decorator.py", line 130, in wrapped_function
    resp = make_response(f(*args, **kwargs))
                         ^^^^^^^^^^^^^^^^^^
  File "C:\Users\USER\Desktop\Repo\rest-api\src\restApi.py", line 130, in funcGetMovieDetails
    APIDocument = requests.get(strOmdbUrl,"/?apikey=",strOmdbKey)
                  ^^^^^^^^^^^^^^^^^^^^^^^^^^^^^^^^^^^^^^^^^^^^^^^
TypeError: get() takes from 1 to 2 positional arguments but 3 were given
2025-06-22 13:13:25,318:INFO:_internal.py - 127.0.0.1 - - [22/Jun/2025 13:13:25] "[35m[1mGET /getMovieDetails HTTP/1.1[0m" 500 -
2025-06-22 13:13:43,548:WARNING:core.py - Unknown option passed to Flask-CORS: origin
2025-06-22 13:13:43,564:INFO:_internal.py - [31m[1mWARNING: This is a development server. Do not use it in a production deployment. Use a production WSGI server instead.[0m
 * Running on http://127.0.0.1:5001
2025-06-22 13:13:43,564:INFO:_internal.py - [33mPress CTRL+C to quit[0m
2025-06-22 13:13:47,106:ERROR:app.py - Exception on /getMovieDetails [GET]
Traceback (most recent call last):
  File "C:\Users\USER\anaconda3\Lib\site-packages\flask\app.py", line 1473, in wsgi_app
    response = self.full_dispatch_request()
               ^^^^^^^^^^^^^^^^^^^^^^^^^^^^
  File "C:\Users\USER\anaconda3\Lib\site-packages\flask\app.py", line 882, in full_dispatch_request
    rv = self.handle_user_exception(e)
         ^^^^^^^^^^^^^^^^^^^^^^^^^^^^^
  File "C:\Users\USER\anaconda3\Lib\site-packages\flask_cors\extension.py", line 176, in wrapped_function
    return cors_after_request(app.make_response(f(*args, **kwargs)))
                                                ^^^^^^^^^^^^^^^^^^
  File "C:\Users\USER\anaconda3\Lib\site-packages\flask\app.py", line 880, in full_dispatch_request
    rv = self.dispatch_request()
         ^^^^^^^^^^^^^^^^^^^^^^^
  File "C:\Users\USER\anaconda3\Lib\site-packages\flask\app.py", line 865, in dispatch_request
    return self.ensure_sync(self.view_functions[rule.endpoint])(**view_args)  # type: ignore[no-any-return]
           ^^^^^^^^^^^^^^^^^^^^^^^^^^^^^^^^^^^^^^^^^^^^^^^^^^^^^^^^^^^^^^^^^
  File "C:\Users\USER\anaconda3\Lib\site-packages\flask_cors\decorator.py", line 130, in wrapped_function
    resp = make_response(f(*args, **kwargs))
                         ^^^^^^^^^^^^^^^^^^
  File "C:\Users\USER\Desktop\Repo\rest-api\src\restApi.py", line 133, in funcGetMovieDetails
    return jsonify(dictReturn)
                   ^^^^^^^^^^
NameError: name 'dictReturn' is not defined
2025-06-22 13:13:47,114:INFO:_internal.py - 127.0.0.1 - - [22/Jun/2025 13:13:47] "[35m[1mGET /getMovieDetails HTTP/1.1[0m" 500 -
2025-06-22 13:15:42,764:WARNING:core.py - Unknown option passed to Flask-CORS: origin
2025-06-22 13:15:42,780:INFO:_internal.py - [31m[1mWARNING: This is a development server. Do not use it in a production deployment. Use a production WSGI server instead.[0m
 * Running on http://127.0.0.1:5001
2025-06-22 13:15:42,780:INFO:_internal.py - [33mPress CTRL+C to quit[0m
2025-06-22 13:15:46,243:ERROR:app.py - Exception on /getMovieDetails [GET]
Traceback (most recent call last):
  File "C:\Users\USER\anaconda3\Lib\site-packages\flask\app.py", line 1473, in wsgi_app
    response = self.full_dispatch_request()
               ^^^^^^^^^^^^^^^^^^^^^^^^^^^^
  File "C:\Users\USER\anaconda3\Lib\site-packages\flask\app.py", line 882, in full_dispatch_request
    rv = self.handle_user_exception(e)
         ^^^^^^^^^^^^^^^^^^^^^^^^^^^^^
  File "C:\Users\USER\anaconda3\Lib\site-packages\flask_cors\extension.py", line 176, in wrapped_function
    return cors_after_request(app.make_response(f(*args, **kwargs)))
                                                ^^^^^^^^^^^^^^^^^^
  File "C:\Users\USER\anaconda3\Lib\site-packages\flask\app.py", line 880, in full_dispatch_request
    rv = self.dispatch_request()
         ^^^^^^^^^^^^^^^^^^^^^^^
  File "C:\Users\USER\anaconda3\Lib\site-packages\flask\app.py", line 865, in dispatch_request
    return self.ensure_sync(self.view_functions[rule.endpoint])(**view_args)  # type: ignore[no-any-return]
           ^^^^^^^^^^^^^^^^^^^^^^^^^^^^^^^^^^^^^^^^^^^^^^^^^^^^^^^^^^^^^^^^^
  File "C:\Users\USER\anaconda3\Lib\site-packages\flask_cors\decorator.py", line 130, in wrapped_function
    resp = make_response(f(*args, **kwargs))
                         ^^^^^^^^^^^^^^^^^^
  File "C:\Users\USER\Desktop\Repo\rest-api\src\restApi.py", line 129, in funcGetMovieDetails
    strUrlApi = strUrlApi.replace(" ", "")
                ^^^^^^^^^^^^^^^^^
AttributeError: 'tuple' object has no attribute 'replace'
2025-06-22 13:15:46,251:INFO:_internal.py - 127.0.0.1 - - [22/Jun/2025 13:15:46] "[35m[1mGET /getMovieDetails HTTP/1.1[0m" 500 -
2025-06-22 13:16:05,881:WARNING:core.py - Unknown option passed to Flask-CORS: origin
2025-06-22 13:16:05,897:INFO:_internal.py - [31m[1mWARNING: This is a development server. Do not use it in a production deployment. Use a production WSGI server instead.[0m
 * Running on http://127.0.0.1:5001
2025-06-22 13:16:05,897:INFO:_internal.py - [33mPress CTRL+C to quit[0m
2025-06-22 13:16:08,034:ERROR:app.py - Exception on /getMovieDetails [GET]
Traceback (most recent call last):
  File "C:\Users\USER\anaconda3\Lib\site-packages\flask\app.py", line 1473, in wsgi_app
    response = self.full_dispatch_request()
               ^^^^^^^^^^^^^^^^^^^^^^^^^^^^
  File "C:\Users\USER\anaconda3\Lib\site-packages\flask\app.py", line 882, in full_dispatch_request
    rv = self.handle_user_exception(e)
         ^^^^^^^^^^^^^^^^^^^^^^^^^^^^^
  File "C:\Users\USER\anaconda3\Lib\site-packages\flask_cors\extension.py", line 176, in wrapped_function
    return cors_after_request(app.make_response(f(*args, **kwargs)))
                                                ^^^^^^^^^^^^^^^^^^
  File "C:\Users\USER\anaconda3\Lib\site-packages\flask\app.py", line 880, in full_dispatch_request
    rv = self.dispatch_request()
         ^^^^^^^^^^^^^^^^^^^^^^^
  File "C:\Users\USER\anaconda3\Lib\site-packages\flask\app.py", line 865, in dispatch_request
    return self.ensure_sync(self.view_functions[rule.endpoint])(**view_args)  # type: ignore[no-any-return]
           ^^^^^^^^^^^^^^^^^^^^^^^^^^^^^^^^^^^^^^^^^^^^^^^^^^^^^^^^^^^^^^^^^
  File "C:\Users\USER\anaconda3\Lib\site-packages\flask_cors\decorator.py", line 130, in wrapped_function
    resp = make_response(f(*args, **kwargs))
                         ^^^^^^^^^^^^^^^^^^
  File "C:\Users\USER\Desktop\Repo\rest-api\src\restApi.py", line 129, in funcGetMovieDetails
    strUrlApi = strUrlApi.replace(" ", "")
                ^^^^^^^^^^^^^^^^^
AttributeError: 'tuple' object has no attribute 'replace'
2025-06-22 13:16:08,034:INFO:_internal.py - 127.0.0.1 - - [22/Jun/2025 13:16:08] "[35m[1mGET /getMovieDetails HTTP/1.1[0m" 500 -
2025-06-22 13:16:28,403:WARNING:core.py - Unknown option passed to Flask-CORS: origin
2025-06-22 13:16:28,411:INFO:_internal.py - [31m[1mWARNING: This is a development server. Do not use it in a production deployment. Use a production WSGI server instead.[0m
 * Running on http://127.0.0.1:5001
2025-06-22 13:16:28,411:INFO:_internal.py - [33mPress CTRL+C to quit[0m
2025-06-22 13:16:32,280:ERROR:app.py - Exception on /getMovieDetails [GET]
Traceback (most recent call last):
  File "C:\Users\USER\anaconda3\Lib\site-packages\flask\app.py", line 1473, in wsgi_app
    response = self.full_dispatch_request()
               ^^^^^^^^^^^^^^^^^^^^^^^^^^^^
  File "C:\Users\USER\anaconda3\Lib\site-packages\flask\app.py", line 882, in full_dispatch_request
    rv = self.handle_user_exception(e)
         ^^^^^^^^^^^^^^^^^^^^^^^^^^^^^
  File "C:\Users\USER\anaconda3\Lib\site-packages\flask_cors\extension.py", line 176, in wrapped_function
    return cors_after_request(app.make_response(f(*args, **kwargs)))
                                                ^^^^^^^^^^^^^^^^^^
  File "C:\Users\USER\anaconda3\Lib\site-packages\flask\app.py", line 880, in full_dispatch_request
    rv = self.dispatch_request()
         ^^^^^^^^^^^^^^^^^^^^^^^
  File "C:\Users\USER\anaconda3\Lib\site-packages\flask\app.py", line 865, in dispatch_request
    return self.ensure_sync(self.view_functions[rule.endpoint])(**view_args)  # type: ignore[no-any-return]
           ^^^^^^^^^^^^^^^^^^^^^^^^^^^^^^^^^^^^^^^^^^^^^^^^^^^^^^^^^^^^^^^^^
  File "C:\Users\USER\anaconda3\Lib\site-packages\flask_cors\decorator.py", line 130, in wrapped_function
    resp = make_response(f(*args, **kwargs))
                         ^^^^^^^^^^^^^^^^^^
  File "C:\Users\USER\Desktop\Repo\rest-api\src\restApi.py", line 128, in funcGetMovieDetails
    strUrlApi = str(strOmdbUrl,"/?apikey=",strOmdbKey)
                ^^^^^^^^^^^^^^^^^^^^^^^^^^^^^^^^^^^^^^
TypeError: decoding str is not supported
2025-06-22 13:16:32,288:INFO:_internal.py - 127.0.0.1 - - [22/Jun/2025 13:16:32] "[35m[1mGET /getMovieDetails HTTP/1.1[0m" 500 -
2025-06-22 13:17:20,928:WARNING:core.py - Unknown option passed to Flask-CORS: origin
2025-06-22 13:17:20,945:INFO:_internal.py - [31m[1mWARNING: This is a development server. Do not use it in a production deployment. Use a production WSGI server instead.[0m
 * Running on http://127.0.0.1:5001
2025-06-22 13:17:20,945:INFO:_internal.py - [33mPress CTRL+C to quit[0m
2025-06-22 13:17:29,401:ERROR:app.py - Exception on /getMovieDetails [GET]
Traceback (most recent call last):
  File "C:\Users\USER\anaconda3\Lib\site-packages\flask\app.py", line 1473, in wsgi_app
    response = self.full_dispatch_request()
               ^^^^^^^^^^^^^^^^^^^^^^^^^^^^
  File "C:\Users\USER\anaconda3\Lib\site-packages\flask\app.py", line 882, in full_dispatch_request
    rv = self.handle_user_exception(e)
         ^^^^^^^^^^^^^^^^^^^^^^^^^^^^^
  File "C:\Users\USER\anaconda3\Lib\site-packages\flask_cors\extension.py", line 176, in wrapped_function
    return cors_after_request(app.make_response(f(*args, **kwargs)))
                                                ^^^^^^^^^^^^^^^^^^
  File "C:\Users\USER\anaconda3\Lib\site-packages\flask\app.py", line 880, in full_dispatch_request
    rv = self.dispatch_request()
         ^^^^^^^^^^^^^^^^^^^^^^^
  File "C:\Users\USER\anaconda3\Lib\site-packages\flask\app.py", line 865, in dispatch_request
    return self.ensure_sync(self.view_functions[rule.endpoint])(**view_args)  # type: ignore[no-any-return]
           ^^^^^^^^^^^^^^^^^^^^^^^^^^^^^^^^^^^^^^^^^^^^^^^^^^^^^^^^^^^^^^^^^
  File "C:\Users\USER\anaconda3\Lib\site-packages\flask_cors\decorator.py", line 130, in wrapped_function
    resp = make_response(f(*args, **kwargs))
                         ^^^^^^^^^^^^^^^^^^
  File "C:\Users\USER\Desktop\Repo\rest-api\src\restApi.py", line 129, in funcGetMovieDetails
    strUrlApi = str(strOmdbUrl,"/?apikey=",strOmdbKey)
                ^^^^^^^^^^^^^^^^^^^^^^^^^^^^^^^^^^^^^^
TypeError: decoding str is not supported
2025-06-22 13:17:29,401:INFO:_internal.py - 127.0.0.1 - - [22/Jun/2025 13:17:29] "[35m[1mGET /getMovieDetails HTTP/1.1[0m" 500 -
2025-06-22 13:17:46,317:WARNING:core.py - Unknown option passed to Flask-CORS: origin
2025-06-22 13:17:46,334:INFO:_internal.py - [31m[1mWARNING: This is a development server. Do not use it in a production deployment. Use a production WSGI server instead.[0m
 * Running on http://127.0.0.1:5001
2025-06-22 13:17:46,334:INFO:_internal.py - [33mPress CTRL+C to quit[0m
2025-06-22 13:17:47,347:ERROR:app.py - Exception on /getMovieDetails [GET]
Traceback (most recent call last):
  File "C:\Users\USER\anaconda3\Lib\site-packages\flask\app.py", line 1473, in wsgi_app
    response = self.full_dispatch_request()
               ^^^^^^^^^^^^^^^^^^^^^^^^^^^^
  File "C:\Users\USER\anaconda3\Lib\site-packages\flask\app.py", line 882, in full_dispatch_request
    rv = self.handle_user_exception(e)
         ^^^^^^^^^^^^^^^^^^^^^^^^^^^^^
  File "C:\Users\USER\anaconda3\Lib\site-packages\flask_cors\extension.py", line 176, in wrapped_function
    return cors_after_request(app.make_response(f(*args, **kwargs)))
                                                ^^^^^^^^^^^^^^^^^^
  File "C:\Users\USER\anaconda3\Lib\site-packages\flask\app.py", line 880, in full_dispatch_request
    rv = self.dispatch_request()
         ^^^^^^^^^^^^^^^^^^^^^^^
  File "C:\Users\USER\anaconda3\Lib\site-packages\flask\app.py", line 865, in dispatch_request
    return self.ensure_sync(self.view_functions[rule.endpoint])(**view_args)  # type: ignore[no-any-return]
           ^^^^^^^^^^^^^^^^^^^^^^^^^^^^^^^^^^^^^^^^^^^^^^^^^^^^^^^^^^^^^^^^^
  File "C:\Users\USER\anaconda3\Lib\site-packages\flask_cors\decorator.py", line 130, in wrapped_function
    resp = make_response(f(*args, **kwargs))
                         ^^^^^^^^^^^^^^^^^^
  File "C:\Users\USER\Desktop\Repo\rest-api\src\restApi.py", line 129, in funcGetMovieDetails
    strUrlApi = str(strOmdbUrl,"/?apikey=",strOmdbKey)
                ^^^^^^^^^^^^^^^^^^^^^^^^^^^^^^^^^^^^^^
TypeError: decoding str is not supported
2025-06-22 13:17:47,355:INFO:_internal.py - 127.0.0.1 - - [22/Jun/2025 13:17:47] "[35m[1mGET /getMovieDetails HTTP/1.1[0m" 500 -
2025-06-22 13:18:30,487:WARNING:core.py - Unknown option passed to Flask-CORS: origin
2025-06-22 13:18:30,503:INFO:_internal.py - [31m[1mWARNING: This is a development server. Do not use it in a production deployment. Use a production WSGI server instead.[0m
 * Running on http://127.0.0.1:5001
2025-06-22 13:18:30,503:INFO:_internal.py - [33mPress CTRL+C to quit[0m
2025-06-22 13:18:33,158:ERROR:app.py - Exception on /getMovieDetails [GET]
Traceback (most recent call last):
  File "C:\Users\USER\anaconda3\Lib\site-packages\flask\app.py", line 1473, in wsgi_app
    response = self.full_dispatch_request()
               ^^^^^^^^^^^^^^^^^^^^^^^^^^^^
  File "C:\Users\USER\anaconda3\Lib\site-packages\flask\app.py", line 882, in full_dispatch_request
    rv = self.handle_user_exception(e)
         ^^^^^^^^^^^^^^^^^^^^^^^^^^^^^
  File "C:\Users\USER\anaconda3\Lib\site-packages\flask_cors\extension.py", line 176, in wrapped_function
    return cors_after_request(app.make_response(f(*args, **kwargs)))
                                                ^^^^^^^^^^^^^^^^^^
  File "C:\Users\USER\anaconda3\Lib\site-packages\flask\app.py", line 880, in full_dispatch_request
    rv = self.dispatch_request()
         ^^^^^^^^^^^^^^^^^^^^^^^
  File "C:\Users\USER\anaconda3\Lib\site-packages\flask\app.py", line 865, in dispatch_request
    return self.ensure_sync(self.view_functions[rule.endpoint])(**view_args)  # type: ignore[no-any-return]
           ^^^^^^^^^^^^^^^^^^^^^^^^^^^^^^^^^^^^^^^^^^^^^^^^^^^^^^^^^^^^^^^^^
  File "C:\Users\USER\anaconda3\Lib\site-packages\flask_cors\decorator.py", line 130, in wrapped_function
    resp = make_response(f(*args, **kwargs))
                         ^^^^^^^^^^^^^^^^^^
  File "C:\Users\USER\Desktop\Repo\rest-api\src\restApi.py", line 130, in funcGetMovieDetails
    strUrlApi = strUrlApi.replace(" ", "")
                ^^^^^^^^^^^^^^^^^
AttributeError: 'tuple' object has no attribute 'replace'
2025-06-22 13:18:33,158:INFO:_internal.py - 127.0.0.1 - - [22/Jun/2025 13:18:33] "[35m[1mGET /getMovieDetails HTTP/1.1[0m" 500 -
2025-06-22 13:19:35,164:WARNING:core.py - Unknown option passed to Flask-CORS: origin
2025-06-22 13:19:35,180:INFO:_internal.py - [31m[1mWARNING: This is a development server. Do not use it in a production deployment. Use a production WSGI server instead.[0m
 * Running on http://127.0.0.1:5001
2025-06-22 13:19:35,180:INFO:_internal.py - [33mPress CTRL+C to quit[0m
2025-06-22 13:19:38,652:ERROR:app.py - Exception on /getMovieDetails [GET]
Traceback (most recent call last):
  File "C:\Users\USER\anaconda3\Lib\site-packages\flask\app.py", line 1473, in wsgi_app
    response = self.full_dispatch_request()
               ^^^^^^^^^^^^^^^^^^^^^^^^^^^^
  File "C:\Users\USER\anaconda3\Lib\site-packages\flask\app.py", line 882, in full_dispatch_request
    rv = self.handle_user_exception(e)
         ^^^^^^^^^^^^^^^^^^^^^^^^^^^^^
  File "C:\Users\USER\anaconda3\Lib\site-packages\flask_cors\extension.py", line 176, in wrapped_function
    return cors_after_request(app.make_response(f(*args, **kwargs)))
                                                ^^^^^^^^^^^^^^^^^^
  File "C:\Users\USER\anaconda3\Lib\site-packages\flask\app.py", line 880, in full_dispatch_request
    rv = self.dispatch_request()
         ^^^^^^^^^^^^^^^^^^^^^^^
  File "C:\Users\USER\anaconda3\Lib\site-packages\flask\app.py", line 865, in dispatch_request
    return self.ensure_sync(self.view_functions[rule.endpoint])(**view_args)  # type: ignore[no-any-return]
           ^^^^^^^^^^^^^^^^^^^^^^^^^^^^^^^^^^^^^^^^^^^^^^^^^^^^^^^^^^^^^^^^^
  File "C:\Users\USER\anaconda3\Lib\site-packages\flask_cors\decorator.py", line 130, in wrapped_function
    resp = make_response(f(*args, **kwargs))
                         ^^^^^^^^^^^^^^^^^^
  File "C:\Users\USER\Desktop\Repo\rest-api\src\restApi.py", line 134, in funcGetMovieDetails
    return jsonify(dictReturn)
                   ^^^^^^^^^^
NameError: name 'dictReturn' is not defined
2025-06-22 13:19:38,652:INFO:_internal.py - 127.0.0.1 - - [22/Jun/2025 13:19:38] "[35m[1mGET /getMovieDetails HTTP/1.1[0m" 500 -
2025-06-22 13:28:26,211:WARNING:core.py - Unknown option passed to Flask-CORS: origin
2025-06-22 13:28:26,227:INFO:_internal.py - [31m[1mWARNING: This is a development server. Do not use it in a production deployment. Use a production WSGI server instead.[0m
 * Running on http://127.0.0.1:5001
2025-06-22 13:28:26,227:INFO:_internal.py - [33mPress CTRL+C to quit[0m
2025-06-22 13:28:33,236:ERROR:app.py - Exception on /getMovieDetails [GET]
Traceback (most recent call last):
  File "C:\Users\USER\anaconda3\Lib\site-packages\flask\app.py", line 1473, in wsgi_app
    response = self.full_dispatch_request()
               ^^^^^^^^^^^^^^^^^^^^^^^^^^^^
  File "C:\Users\USER\anaconda3\Lib\site-packages\flask\app.py", line 882, in full_dispatch_request
    rv = self.handle_user_exception(e)
         ^^^^^^^^^^^^^^^^^^^^^^^^^^^^^
  File "C:\Users\USER\anaconda3\Lib\site-packages\flask_cors\extension.py", line 176, in wrapped_function
    return cors_after_request(app.make_response(f(*args, **kwargs)))
                                                ^^^^^^^^^^^^^^^^^^
  File "C:\Users\USER\anaconda3\Lib\site-packages\flask\app.py", line 880, in full_dispatch_request
    rv = self.dispatch_request()
         ^^^^^^^^^^^^^^^^^^^^^^^
  File "C:\Users\USER\anaconda3\Lib\site-packages\flask\app.py", line 865, in dispatch_request
    return self.ensure_sync(self.view_functions[rule.endpoint])(**view_args)  # type: ignore[no-any-return]
           ^^^^^^^^^^^^^^^^^^^^^^^^^^^^^^^^^^^^^^^^^^^^^^^^^^^^^^^^^^^^^^^^^
  File "C:\Users\USER\anaconda3\Lib\site-packages\flask_cors\decorator.py", line 130, in wrapped_function
    resp = make_response(f(*args, **kwargs))
                         ^^^^^^^^^^^^^^^^^^
  File "C:\Users\USER\Desktop\Repo\rest-api\src\restApi.py", line 133, in funcGetMovieDetails
    return jsonify(dictReturn)
                   ^^^^^^^^^^
NameError: name 'dictReturn' is not defined
2025-06-22 13:28:33,244:INFO:_internal.py - 127.0.0.1 - - [22/Jun/2025 13:28:33] "[35m[1mGET /getMovieDetails?t=the%20avengers HTTP/1.1[0m" 500 -
2025-06-22 13:28:54,461:WARNING:core.py - Unknown option passed to Flask-CORS: origin
2025-06-22 13:28:54,477:INFO:_internal.py - [31m[1mWARNING: This is a development server. Do not use it in a production deployment. Use a production WSGI server instead.[0m
 * Running on http://127.0.0.1:5001
2025-06-22 13:28:54,477:INFO:_internal.py - [33mPress CTRL+C to quit[0m
2025-06-22 13:28:56,983:INFO:_internal.py - 127.0.0.1 - - [22/Jun/2025 13:28:56] "GET /getMovieDetails?t=the%20avengers HTTP/1.1" 200 -
2025-06-22 13:29:24,452:INFO:_internal.py - 127.0.0.1 - - [22/Jun/2025 13:29:24] "GET /getMovieDetails?t=interstellar HTTP/1.1" 200 -
2025-06-22 22:50:04,646:WARNING:core.py - Unknown option passed to Flask-CORS: origin
2025-06-22 22:50:35,194:WARNING:core.py - Unknown option passed to Flask-CORS: origin
2025-06-22 22:50:35,275:INFO:_internal.py - [31m[1mWARNING: This is a development server. Do not use it in a production deployment. Use a production WSGI server instead.[0m
 * Running on http://127.0.0.1:5001
2025-06-22 22:50:35,275:INFO:_internal.py - [33mPress CTRL+C to quit[0m
2025-06-22 22:50:42,426:INFO:_internal.py - 127.0.0.1 - - [22/Jun/2025 22:50:42] "[31m[1mGET /getDatabase HTTP/1.1[0m" 405 -
2025-06-22 22:51:12,329:WARNING:core.py - Unknown option passed to Flask-CORS: origin
2025-06-22 22:51:12,345:INFO:_internal.py - [31m[1mWARNING: This is a development server. Do not use it in a production deployment. Use a production WSGI server instead.[0m
 * Running on http://127.0.0.1:5001
2025-06-22 22:51:12,345:INFO:_internal.py - [33mPress CTRL+C to quit[0m
2025-06-22 22:51:35,373:INFO:_internal.py - 127.0.0.1 - - [22/Jun/2025 22:51:35] "[31m[1mGET /getDatabase HTTP/1.1[0m" 405 -
2025-06-22 22:51:54,426:WARNING:core.py - Unknown option passed to Flask-CORS: origin
2025-06-22 22:51:54,444:INFO:_internal.py - [31m[1mWARNING: This is a development server. Do not use it in a production deployment. Use a production WSGI server instead.[0m
 * Running on http://127.0.0.1:5001
2025-06-22 22:51:54,444:INFO:_internal.py - [33mPress CTRL+C to quit[0m
2025-06-22 22:52:00,284:ERROR:app.py - Exception on /getDatabase [POST]
Traceback (most recent call last):
  File "C:\Users\USER\anaconda3\Lib\site-packages\mysql\connector\connection_cext.py", line 308, in _open_connection
    self._cmysql.connect(**cnx_kwargs)
_mysql_connector.MySQLInterfaceError: Access denied for user 'root'@'localhost' (using password: YES)

The above exception was the direct cause of the following exception:

Traceback (most recent call last):
  File "C:\Users\USER\anaconda3\Lib\site-packages\flask\app.py", line 1473, in wsgi_app
    response = self.full_dispatch_request()
               ^^^^^^^^^^^^^^^^^^^^^^^^^^^^
  File "C:\Users\USER\anaconda3\Lib\site-packages\flask\app.py", line 882, in full_dispatch_request
    rv = self.handle_user_exception(e)
         ^^^^^^^^^^^^^^^^^^^^^^^^^^^^^
  File "C:\Users\USER\anaconda3\Lib\site-packages\flask_cors\extension.py", line 176, in wrapped_function
    return cors_after_request(app.make_response(f(*args, **kwargs)))
                                                ^^^^^^^^^^^^^^^^^^
  File "C:\Users\USER\anaconda3\Lib\site-packages\flask\app.py", line 880, in full_dispatch_request
    rv = self.dispatch_request()
         ^^^^^^^^^^^^^^^^^^^^^^^
  File "C:\Users\USER\anaconda3\Lib\site-packages\flask\app.py", line 865, in dispatch_request
    return self.ensure_sync(self.view_functions[rule.endpoint])(**view_args)  # type: ignore[no-any-return]
           ^^^^^^^^^^^^^^^^^^^^^^^^^^^^^^^^^^^^^^^^^^^^^^^^^^^^^^^^^^^^^^^^^
  File "C:\Users\USER\anaconda3\Lib\site-packages\flask_cors\decorator.py", line 130, in wrapped_function
    resp = make_response(f(*args, **kwargs))
                         ^^^^^^^^^^^^^^^^^^
  File "C:\Users\USER\Desktop\Repo\rest-api\src\restApi.py", line 141, in funcGetDatabase
    connection = funcConMySQL()
                 ^^^^^^^^^^^^^^
  File "C:\Users\USER\Desktop\Repo\rest-api\src\funcConn.py", line 65, in funcConMySQL
    connection = mysql.connector.connect(host=str(strDbHost),
                 ^^^^^^^^^^^^^^^^^^^^^^^^^^^^^^^^^^^^^^^^^^^^
  File "C:\Users\USER\anaconda3\Lib\site-packages\mysql\connector\pooling.py", line 293, in connect
    return CMySQLConnection(*args, **kwargs)
           ^^^^^^^^^^^^^^^^^^^^^^^^^^^^^^^^^
  File "C:\Users\USER\anaconda3\Lib\site-packages\mysql\connector\connection_cext.py", line 129, in __init__
    self.connect(**kwargs)
  File "C:\Users\USER\anaconda3\Lib\site-packages\mysql\connector\abstracts.py", line 1237, in connect
    self._open_connection()
  File "C:\Users\USER\anaconda3\Lib\site-packages\mysql\connector\connection_cext.py", line 313, in _open_connection
    raise get_mysql_exception(
mysql.connector.errors.ProgrammingError: 1045 (28000): Access denied for user 'root'@'localhost' (using password: YES)
2025-06-22 22:52:00,293:INFO:_internal.py - 127.0.0.1 - - [22/Jun/2025 22:52:00] "[35m[1mPOST /getDatabase HTTP/1.1[0m" 500 -
2025-06-22 22:52:15,573:WARNING:core.py - Unknown option passed to Flask-CORS: origin
2025-06-22 22:52:15,584:INFO:_internal.py - [31m[1mWARNING: This is a development server. Do not use it in a production deployment. Use a production WSGI server instead.[0m
 * Running on http://127.0.0.1:5001
2025-06-22 22:52:15,584:INFO:_internal.py - [33mPress CTRL+C to quit[0m
2025-06-22 22:52:16,684:ERROR:app.py - Exception on /getDatabase [POST]
Traceback (most recent call last):
  File "C:\Users\USER\anaconda3\Lib\site-packages\mysql\connector\connection_cext.py", line 308, in _open_connection
    self._cmysql.connect(**cnx_kwargs)
_mysql_connector.MySQLInterfaceError: Access denied for user 'root'@'localhost' (using password: YES)

The above exception was the direct cause of the following exception:

Traceback (most recent call last):
  File "C:\Users\USER\anaconda3\Lib\site-packages\flask\app.py", line 1473, in wsgi_app
    response = self.full_dispatch_request()
               ^^^^^^^^^^^^^^^^^^^^^^^^^^^^
  File "C:\Users\USER\anaconda3\Lib\site-packages\flask\app.py", line 882, in full_dispatch_request
    rv = self.handle_user_exception(e)
         ^^^^^^^^^^^^^^^^^^^^^^^^^^^^^
  File "C:\Users\USER\anaconda3\Lib\site-packages\flask_cors\extension.py", line 176, in wrapped_function
    return cors_after_request(app.make_response(f(*args, **kwargs)))
                                                ^^^^^^^^^^^^^^^^^^
  File "C:\Users\USER\anaconda3\Lib\site-packages\flask\app.py", line 880, in full_dispatch_request
    rv = self.dispatch_request()
         ^^^^^^^^^^^^^^^^^^^^^^^
  File "C:\Users\USER\anaconda3\Lib\site-packages\flask\app.py", line 865, in dispatch_request
    return self.ensure_sync(self.view_functions[rule.endpoint])(**view_args)  # type: ignore[no-any-return]
           ^^^^^^^^^^^^^^^^^^^^^^^^^^^^^^^^^^^^^^^^^^^^^^^^^^^^^^^^^^^^^^^^^
  File "C:\Users\USER\anaconda3\Lib\site-packages\flask_cors\decorator.py", line 130, in wrapped_function
    resp = make_response(f(*args, **kwargs))
                         ^^^^^^^^^^^^^^^^^^
  File "C:\Users\USER\Desktop\Repo\rest-api\src\restApi.py", line 140, in funcGetDatabase
    connection = funcConMySQL()
                 ^^^^^^^^^^^^^^
  File "C:\Users\USER\Desktop\Repo\rest-api\src\funcConn.py", line 65, in funcConMySQL
    connection = mysql.connector.connect(host=str(strDbHost),
                 ^^^^^^^^^^^^^^^^^^^^^^^^^^^^^^^^^^^^^^^^^^^^
  File "C:\Users\USER\anaconda3\Lib\site-packages\mysql\connector\pooling.py", line 293, in connect
    return CMySQLConnection(*args, **kwargs)
           ^^^^^^^^^^^^^^^^^^^^^^^^^^^^^^^^^
  File "C:\Users\USER\anaconda3\Lib\site-packages\mysql\connector\connection_cext.py", line 129, in __init__
    self.connect(**kwargs)
  File "C:\Users\USER\anaconda3\Lib\site-packages\mysql\connector\abstracts.py", line 1237, in connect
    self._open_connection()
  File "C:\Users\USER\anaconda3\Lib\site-packages\mysql\connector\connection_cext.py", line 313, in _open_connection
    raise get_mysql_exception(
mysql.connector.errors.ProgrammingError: 1045 (28000): Access denied for user 'root'@'localhost' (using password: YES)
2025-06-22 22:52:16,694:INFO:_internal.py - 127.0.0.1 - - [22/Jun/2025 22:52:16] "[35m[1mPOST /getDatabase HTTP/1.1[0m" 500 -
